// Jest Snapshot v1, https://goo.gl/fbAQLP

exports[`Login matches snapshot 1`] = `
ShallowWrapper {
  "length": 1,
  Symbol(enzyme.__root__): [Circular],
  Symbol(enzyme.__unrendered__): <Login
    favorites={Array []}
    history={
        Object {
            "push": [Function],
          }
    }
    loadFavorites={[Function]}
    loggedIn={false}
    storeUserData={[Function]}
    toggleLogin={[Function]}
/>,
  Symbol(enzyme.__renderer__): Object {
    "batchedUpdates": [Function],
    "getNode": [Function],
    "render": [Function],
    "simulateEvent": [Function],
    "unmount": [Function],
  },
  Symbol(enzyme.__node__): Object {
    "instance": null,
    "key": undefined,
    "nodeType": "host",
    "props": Object {
      "children": <form
        onSubmit={[Function]}
>
        <input
                className="inputField"
                name="email"
                onChange={[Function]}
                placeholder="Enter Email"
                type="text"
                value=""
        />
        <input
                className="inputField"
                name="password"
                onChange={[Function]}
                placeholder="Enter Password"
                type="password"
                value=""
        />
        <button
                className="loginButton"
        />
</form>,
      "className": "Login",
    },
    "ref": null,
    "rendered": Object {
      "instance": null,
      "key": undefined,
      "nodeType": "host",
      "props": Object {
        "children": Array [
          <input
            className="inputField"
            name="email"
            onChange={[Function]}
            placeholder="Enter Email"
            type="text"
            value=""
/>,
          <input
            className="inputField"
            name="password"
            onChange={[Function]}
            placeholder="Enter Password"
            type="password"
            value=""
/>,
          <button
            className="loginButton"
/>,
        ],
        "onSubmit": [Function],
      },
      "ref": null,
      "rendered": Array [
        Object {
          "instance": null,
          "key": undefined,
          "nodeType": "host",
          "props": Object {
            "className": "inputField",
            "name": "email",
            "onChange": [Function],
            "placeholder": "Enter Email",
            "type": "text",
            "value": "",
          },
          "ref": null,
          "rendered": null,
          "type": "input",
        },
        Object {
          "instance": null,
          "key": undefined,
          "nodeType": "host",
          "props": Object {
            "className": "inputField",
            "name": "password",
            "onChange": [Function],
            "placeholder": "Enter Password",
            "type": "password",
            "value": "",
          },
          "ref": null,
          "rendered": null,
          "type": "input",
        },
        Object {
          "instance": null,
          "key": undefined,
          "nodeType": "host",
          "props": Object {
            "className": "loginButton",
          },
          "ref": null,
          "rendered": null,
          "type": "button",
        },
      ],
      "type": "form",
    },
    "type": "div",
  },
  Symbol(enzyme.__nodes__): Array [
    Object {
      "instance": null,
      "key": undefined,
      "nodeType": "host",
      "props": Object {
        "children": <form
          onSubmit={[Function]}
>
          <input
                    className="inputField"
                    name="email"
                    onChange={[Function]}
                    placeholder="Enter Email"
                    type="text"
                    value=""
          />
          <input
                    className="inputField"
                    name="password"
                    onChange={[Function]}
                    placeholder="Enter Password"
                    type="password"
                    value=""
          />
          <button
                    className="loginButton"
          />
</form>,
        "className": "Login",
      },
      "ref": null,
      "rendered": Object {
        "instance": null,
        "key": undefined,
        "nodeType": "host",
        "props": Object {
          "children": Array [
            <input
              className="inputField"
              name="email"
              onChange={[Function]}
              placeholder="Enter Email"
              type="text"
              value=""
/>,
            <input
              className="inputField"
              name="password"
              onChange={[Function]}
              placeholder="Enter Password"
              type="password"
              value=""
/>,
            <button
              className="loginButton"
/>,
          ],
          "onSubmit": [Function],
        },
        "ref": null,
        "rendered": Array [
          Object {
            "instance": null,
            "key": undefined,
            "nodeType": "host",
            "props": Object {
              "className": "inputField",
              "name": "email",
              "onChange": [Function],
              "placeholder": "Enter Email",
              "type": "text",
              "value": "",
            },
            "ref": null,
            "rendered": null,
            "type": "input",
          },
          Object {
            "instance": null,
            "key": undefined,
            "nodeType": "host",
            "props": Object {
              "className": "inputField",
              "name": "password",
              "onChange": [Function],
              "placeholder": "Enter Password",
              "type": "password",
              "value": "",
            },
            "ref": null,
            "rendered": null,
            "type": "input",
          },
          Object {
            "instance": null,
            "key": undefined,
            "nodeType": "host",
            "props": Object {
              "className": "loginButton",
            },
            "ref": null,
            "rendered": null,
            "type": "button",
          },
        ],
        "type": "form",
      },
      "type": "div",
    },
  ],
  Symbol(enzyme.__options__): Object {
    "adapter": ReactSixteenAdapter {
      "options": Object {
        "enableComponentDidUpdateOnSetState": true,
      },
    },
  },
}
`;
