// Jest Snapshot v1, https://goo.gl/fbAQLP

exports[`MovieContainer matches the snapshot 1`] = `
ShallowWrapper {
  "length": 1,
  Symbol(enzyme.__root__): [Circular],
  Symbol(enzyme.__unrendered__): <MovieContainer
    addMovies={[Function]}
    favorites={
        Array [
            Object {
              "movie_id": 421,
              "overview": "mock overview",
              "poster_path": "/movie-path/poster.png",
              "release_date": "12-45-68",
              "title": "mock title",
              "vote_average": 5,
            },
          ]
    }
    loadFavorites={[Function]}
    location={
        Object {
            "pathname": "/",
          }
    }
    loggedIn={false}
    movies={
        Array [
            Object {
              "movie_id": 147,
              "overview": "mock overview",
              "poster_path": "/movie-path/poster.png",
              "release_date": "12-45-68",
              "title": "mock title",
              "vote_average": 5,
            },
          ]
    }
    userId={1}
/>,
  Symbol(enzyme.__renderer__): Object {
    "batchedUpdates": [Function],
    "getNode": [Function],
    "render": [Function],
    "simulateEvent": [Function],
    "unmount": [Function],
  },
  Symbol(enzyme.__node__): Object {
    "instance": null,
    "key": undefined,
    "nodeType": "host",
    "props": Object {
      "children": Array [
        <MovieCard
          isFavorite={[Function]}
          movie_id={147}
          overview="mock overview"
          poster_path="/movie-path/poster.png"
          release_date="12-45-68"
          title="mock title"
          toggleFavorite={[Function]}
          vote_average={5}
/>,
      ],
      "className": "MovieContainer",
    },
    "ref": null,
    "rendered": Array [
      Object {
        "instance": null,
        "key": "147",
        "nodeType": "function",
        "props": Object {
          "isFavorite": [Function],
          "movie_id": 147,
          "overview": "mock overview",
          "poster_path": "/movie-path/poster.png",
          "release_date": "12-45-68",
          "title": "mock title",
          "toggleFavorite": [Function],
          "vote_average": 5,
        },
        "ref": null,
        "rendered": null,
        "type": [Function],
      },
    ],
    "type": "main",
  },
  Symbol(enzyme.__nodes__): Array [
    Object {
      "instance": null,
      "key": undefined,
      "nodeType": "host",
      "props": Object {
        "children": Array [
          <MovieCard
            isFavorite={[Function]}
            movie_id={147}
            overview="mock overview"
            poster_path="/movie-path/poster.png"
            release_date="12-45-68"
            title="mock title"
            toggleFavorite={[Function]}
            vote_average={5}
/>,
        ],
        "className": "MovieContainer",
      },
      "ref": null,
      "rendered": Array [
        Object {
          "instance": null,
          "key": "147",
          "nodeType": "function",
          "props": Object {
            "isFavorite": [Function],
            "movie_id": 147,
            "overview": "mock overview",
            "poster_path": "/movie-path/poster.png",
            "release_date": "12-45-68",
            "title": "mock title",
            "toggleFavorite": [Function],
            "vote_average": 5,
          },
          "ref": null,
          "rendered": null,
          "type": [Function],
        },
      ],
      "type": "main",
    },
  ],
  Symbol(enzyme.__options__): Object {
    "adapter": ReactSixteenAdapter {
      "options": Object {
        "enableComponentDidUpdateOnSetState": true,
      },
    },
    "disableLifecycleMethods": true,
  },
}
`;
